// Jest Snapshot v1, https://goo.gl/fbAQLP

exports[`should render LeagueData 1`] = `
<div>
  <div
    className="League"
  >
    <div
      className="LeagueHeader"
    >
      <div
        className="LeagueName"
      >
        <p>
          Premier League
        </p>
      </div>
      <div
        className="LeagueInfo"
      >
        <p>
          England
          , 
          GB
        </p>
        <p>
          2019
           Season
        </p>
      </div>
    </div>
    <div
      className="Teams"
    >
      <div
        className="TeamInfo"
      >
        <div>
          <img
            alt="logo"
            className="TeamLogo"
            src="https://media.api-football.com/teams/40.png"
          />
        </div>
        <div>
          1
        </div>
        <div>
          Liverpool
        </div>
        <div>
          Points: 
          34
        </div>
      </div>
      <div
        className="TeamInfo"
      >
        <div>
          <img
            alt="logo"
            className="TeamLogo"
            src="https://media.api-football.com/teams/46.png"
          />
        </div>
        <div>
          2
        </div>
        <div>
          Leicester
        </div>
        <div>
          Points: 
          26
        </div>
      </div>
      <div
        className="TeamInfo"
      >
        <div>
          <img
            alt="logo"
            className="TeamLogo"
            src="https://media.api-football.com/teams/49.png"
          />
        </div>
        <div>
          3
        </div>
        <div>
          Chelsea
        </div>
        <div>
          Points: 
          26
        </div>
      </div>
      <div
        className="TeamInfo"
      >
        <div>
          <img
            alt="logo"
            className="TeamLogo"
            src="https://media.api-football.com/teams/50.png"
          />
        </div>
        <div>
          4
        </div>
        <div>
          Manchester City
        </div>
        <div>
          Points: 
          25
        </div>
      </div>
      <div
        className="TeamInfo"
      >
        <div>
          <img
            alt="logo"
            className="TeamLogo"
            src="https://media.api-football.com/teams/62.png"
          />
        </div>
        <div>
          5
        </div>
        <div>
          Sheffield Utd
        </div>
        <div>
          Points: 
          17
        </div>
      </div>
      <div
        className="TeamInfo"
      >
        <div>
          <img
            alt="logo"
            className="TeamLogo"
            src="https://media.api-football.com/teams/42.png"
          />
        </div>
        <div>
          6
        </div>
        <div>
          Arsenal
        </div>
        <div>
          Points: 
          17
        </div>
      </div>
      <div
        className="TeamInfo"
      >
        <div>
          <img
            alt="logo"
            className="TeamLogo"
            src="https://media.api-football.com/teams/33.png"
          />
        </div>
        <div>
          7
        </div>
        <div>
          Manchester United
        </div>
        <div>
          Points: 
          16
        </div>
      </div>
      <div
        className="TeamInfo"
      >
        <div>
          <img
            alt="logo"
            className="TeamLogo"
            src="https://media.api-football.com/teams/39.png"
          />
        </div>
        <div>
          8
        </div>
        <div>
          Wolves
        </div>
        <div>
          Points: 
          16
        </div>
      </div>
      <div
        className="TeamInfo"
      >
        <div>
          <img
            alt="logo"
            className="TeamLogo"
            src="https://media.api-football.com/teams/35.png"
          />
        </div>
        <div>
          9
        </div>
        <div>
          Bournemouth
        </div>
        <div>
          Points: 
          16
        </div>
      </div>
      <div
        className="TeamInfo"
      >
        <div>
          <img
            alt="logo"
            className="TeamLogo"
            src="https://media.api-football.com/teams/44.png"
          />
        </div>
        <div>
          10
        </div>
        <div>
          Burnley
        </div>
        <div>
          Points: 
          15
        </div>
      </div>
      <div
        className="TeamInfo"
      >
        <div>
          <img
            alt="logo"
            className="TeamLogo"
            src="https://media.api-football.com/teams/51.png"
          />
        </div>
        <div>
          11
        </div>
        <div>
          Brighton
        </div>
        <div>
          Points: 
          15
        </div>
      </div>
      <div
        className="TeamInfo"
      >
        <div>
          <img
            alt="logo"
            className="TeamLogo"
            src="https://media.api-football.com/teams/52.png"
          />
        </div>
        <div>
          12
        </div>
        <div>
          Crystal Palace
        </div>
        <div>
          Points: 
          15
        </div>
      </div>
      <div
        className="TeamInfo"
      >
        <div>
          <img
            alt="logo"
            className="TeamLogo"
            src="https://media.api-football.com/teams/34.png"
          />
        </div>
        <div>
          13
        </div>
        <div>
          Newcastle
        </div>
        <div>
          Points: 
          15
        </div>
      </div>
      <div
        className="TeamInfo"
      >
        <div>
          <img
            alt="logo"
            className="TeamLogo"
            src="https://media.api-football.com/teams/47.png"
          />
        </div>
        <div>
          14
        </div>
        <div>
          Tottenham
        </div>
        <div>
          Points: 
          14
        </div>
      </div>
      <div
        className="TeamInfo"
      >
        <div>
          <img
            alt="logo"
            className="TeamLogo"
            src="https://media.api-football.com/teams/45.png"
          />
        </div>
        <div>
          15
        </div>
        <div>
          Everton
        </div>
        <div>
          Points: 
          14
        </div>
      </div>
      <div
        className="TeamInfo"
      >
        <div>
          <img
            alt="logo"
            className="TeamLogo"
            src="https://media.api-football.com/teams/48.png"
          />
        </div>
        <div>
          16
        </div>
        <div>
          West Ham
        </div>
        <div>
          Points: 
          13
        </div>
      </div>
      <div
        className="TeamInfo"
      >
        <div>
          <img
            alt="logo"
            className="TeamLogo"
            src="https://media.api-football.com/teams/66.png"
          />
        </div>
        <div>
          17
        </div>
        <div>
          Aston Villa
        </div>
        <div>
          Points: 
          11
        </div>
      </div>
      <div
        className="TeamInfo"
      >
        <div>
          <img
            alt="logo"
            className="TeamLogo"
            src="https://media.api-football.com/teams/38.png"
          />
        </div>
        <div>
          18
        </div>
        <div>
          Watford
        </div>
        <div>
          Points: 
          8
        </div>
      </div>
      <div
        className="TeamInfo"
      >
        <div>
          <img
            alt="logo"
            className="TeamLogo"
            src="https://media.api-football.com/teams/41.png"
          />
        </div>
        <div>
          19
        </div>
        <div>
          Southampton
        </div>
        <div>
          Points: 
          8
        </div>
      </div>
      <div
        className="TeamInfo"
      >
        <div>
          <img
            alt="logo"
            className="TeamLogo"
            src="https://media.api-football.com/teams/71.png"
          />
        </div>
        <div>
          20
        </div>
        <div>
          Norwich
        </div>
        <div>
          Points: 
          7
        </div>
      </div>
    </div>
  </div>
</div>
`;
