// Jest Snapshot v1, https://goo.gl/fbAQLP

exports[`should start with a disabled search button 1`] = `
<form
  className="SearchForm"
  onSubmit={[Function]}
>
  <div
    className="SearchBar"
  >
    <input
      autoComplete="off"
      id="search"
      name="query"
      onChange={[Function]}
      placeholder="Search"
      type="text"
      value=""
    />
    <button
      disabled={true}
      id="searchButton"
      type="submit"
    >
      Search
    </button>
  </div>
  <div
    className="SearchResults"
  />
</form>
`;

exports[`should start with an empty search field 1`] = `
<form
  className="SearchForm"
  onSubmit={[Function]}
>
  <div
    className="SearchBar"
  >
    <input
      autoComplete="off"
      id="search"
      name="query"
      onChange={[Function]}
      placeholder="Search"
      type="text"
      value=""
    />
    <button
      disabled={true}
      id="searchButton"
      type="submit"
    >
      Search
    </button>
  </div>
  <div
    className="SearchResults"
  />
</form>
`;
