// Jest Snapshot v1, https://goo.gl/fbAQLP

exports[`should render TeamData 1`] = `
<div
  className="Teams"
>
  <div
    className="TeamHeader"
  >
    <div
      className="Circle"
    >
      <img
        alt="blah"
        id="TeamLogo"
        src="https://media.api-football.com/teams/47.png"
      />
    </div>
    <div
      className="TeamData"
    >
      <p
        id="TeamName"
      >
        Tottenham
      </p>
      <p>
        London
        , 
        England
      </p>
      <p>
        Tottenham Hotspur Stadium
      </p>
    </div>
  </div>
  <div>
    <div
      className="react-tabs"
      data-tabs={true}
      onClick={[Function]}
      onKeyDown={[Function]}
    >
      <ul
        className="react-tabs__tab-list"
        role="tablist"
      >
        <li
          aria-controls="react-tabs-1"
          aria-disabled="false"
          aria-selected="true"
          className="react-tabs__tab react-tabs__tab--selected"
          id="react-tabs-0"
          role="tab"
          tabIndex="0"
        >
          Table
        </li>
        <li
          aria-controls="react-tabs-3"
          aria-disabled="false"
          aria-selected="false"
          className="react-tabs__tab"
          id="react-tabs-2"
          role="tab"
          tabIndex={null}
        >
          Fixtures
        </li>
        <li
          aria-controls="react-tabs-5"
          aria-disabled="false"
          aria-selected="false"
          className="react-tabs__tab"
          id="react-tabs-4"
          role="tab"
          tabIndex={null}
        >
          Stats
        </li>
      </ul>
      <div
        aria-labelledby="react-tabs-0"
        className="LeagueTable react-tabs__tab-panel--selected"
        id="react-tabs-1"
        role="tabpanel"
      >
        <div
          className="TableInfo"
        >
          <div
            className="PositionTeam"
          >
            <table
              className="Positions"
            >
              <thead>
                <tr>
                  <th>
                    Position
                  </th>
                </tr>
              </thead>
              <tbody>
                <tr>
                  <td>
                    1
                  </td>
                </tr>
                <tr>
                  <td>
                    2
                  </td>
                </tr>
                <tr>
                  <td>
                    3
                  </td>
                </tr>
                <tr>
                  <td>
                    4
                  </td>
                </tr>
                <tr>
                  <td>
                    5
                  </td>
                </tr>
                <tr>
                  <td>
                    6
                  </td>
                </tr>
                <tr>
                  <td>
                    7
                  </td>
                </tr>
                <tr>
                  <td>
                    8
                  </td>
                </tr>
                <tr>
                  <td>
                    9
                  </td>
                </tr>
                <tr>
                  <td>
                    10
                  </td>
                </tr>
                <tr>
                  <td>
                    11
                  </td>
                </tr>
                <tr>
                  <td>
                    12
                  </td>
                </tr>
                <tr>
                  <td>
                    13
                  </td>
                </tr>
                <tr>
                  <td>
                    14
                  </td>
                </tr>
                <tr>
                  <td>
                    15
                  </td>
                </tr>
                <tr>
                  <td>
                    16
                  </td>
                </tr>
                <tr>
                  <td>
                    17
                  </td>
                </tr>
                <tr>
                  <td>
                    18
                  </td>
                </tr>
                <tr>
                  <td>
                    19
                  </td>
                </tr>
                <tr>
                  <td>
                    20
                  </td>
                </tr>
              </tbody>
            </table>
            <table
              className="Clubs"
            >
              <thead>
                <tr>
                  <th>
                    Club
                  </th>
                </tr>
              </thead>
              <tbody>
                <tr>
                  <td>
                    Liverpool
                  </td>
                </tr>
                <tr>
                  <td>
                    Leicester
                  </td>
                </tr>
                <tr>
                  <td>
                    Chelsea
                  </td>
                </tr>
                <tr>
                  <td>
                    Manchester City
                  </td>
                </tr>
                <tr>
                  <td>
                    Sheffield Utd
                  </td>
                </tr>
                <tr>
                  <td>
                    Arsenal
                  </td>
                </tr>
                <tr>
                  <td>
                    Manchester United
                  </td>
                </tr>
                <tr>
                  <td>
                    Wolves
                  </td>
                </tr>
                <tr>
                  <td>
                    Bournemouth
                  </td>
                </tr>
                <tr>
                  <td>
                    Burnley
                  </td>
                </tr>
                <tr>
                  <td>
                    Brighton
                  </td>
                </tr>
                <tr>
                  <td>
                    Crystal Palace
                  </td>
                </tr>
                <tr>
                  <td>
                    Newcastle
                  </td>
                </tr>
                <tr>
                  <td>
                    Tottenham
                  </td>
                </tr>
                <tr>
                  <td>
                    Everton
                  </td>
                </tr>
                <tr>
                  <td>
                    West Ham
                  </td>
                </tr>
                <tr>
                  <td>
                    Aston Villa
                  </td>
                </tr>
                <tr>
                  <td>
                    Watford
                  </td>
                </tr>
                <tr>
                  <td>
                    Southampton
                  </td>
                </tr>
                <tr>
                  <td>
                    Norwich
                  </td>
                </tr>
              </tbody>
            </table>
          </div>
          <div
            className="TeamTableStats"
          >
            <table
              className="Won"
            >
              <thead>
                <tr>
                  <th>
                    Won
                  </th>
                </tr>
              </thead>
              <tbody>
                <tr>
                  <td>
                    11
                  </td>
                </tr>
                <tr>
                  <td>
                    8
                  </td>
                </tr>
                <tr>
                  <td>
                    8
                  </td>
                </tr>
                <tr>
                  <td>
                    8
                  </td>
                </tr>
                <tr>
                  <td>
                    4
                  </td>
                </tr>
                <tr>
                  <td>
                    4
                  </td>
                </tr>
                <tr>
                  <td>
                    4
                  </td>
                </tr>
                <tr>
                  <td>
                    3
                  </td>
                </tr>
                <tr>
                  <td>
                    4
                  </td>
                </tr>
                <tr>
                  <td>
                    4
                  </td>
                </tr>
                <tr>
                  <td>
                    4
                  </td>
                </tr>
                <tr>
                  <td>
                    4
                  </td>
                </tr>
                <tr>
                  <td>
                    4
                  </td>
                </tr>
                <tr>
                  <td>
                    3
                  </td>
                </tr>
                <tr>
                  <td>
                    4
                  </td>
                </tr>
                <tr>
                  <td>
                    3
                  </td>
                </tr>
                <tr>
                  <td>
                    3
                  </td>
                </tr>
                <tr>
                  <td>
                    1
                  </td>
                </tr>
                <tr>
                  <td>
                    2
                  </td>
                </tr>
                <tr>
                  <td>
                    2
                  </td>
                </tr>
              </tbody>
            </table>
            <table
              className="Drawn"
            >
              <thead>
                <tr>
                  <th>
                    Drawn
                  </th>
                </tr>
              </thead>
              <tbody>
                <tr>
                  <td>
                    1
                  </td>
                </tr>
                <tr>
                  <td>
                    2
                  </td>
                </tr>
                <tr>
                  <td>
                    2
                  </td>
                </tr>
                <tr>
                  <td>
                    1
                  </td>
                </tr>
                <tr>
                  <td>
                    5
                  </td>
                </tr>
                <tr>
                  <td>
                    5
                  </td>
                </tr>
                <tr>
                  <td>
                    4
                  </td>
                </tr>
                <tr>
                  <td>
                    7
                  </td>
                </tr>
                <tr>
                  <td>
                    4
                  </td>
                </tr>
                <tr>
                  <td>
                    3
                  </td>
                </tr>
                <tr>
                  <td>
                    3
                  </td>
                </tr>
                <tr>
                  <td>
                    3
                  </td>
                </tr>
                <tr>
                  <td>
                    3
                  </td>
                </tr>
                <tr>
                  <td>
                    5
                  </td>
                </tr>
                <tr>
                  <td>
                    2
                  </td>
                </tr>
                <tr>
                  <td>
                    4
                  </td>
                </tr>
                <tr>
                  <td>
                    2
                  </td>
                </tr>
                <tr>
                  <td>
                    5
                  </td>
                </tr>
                <tr>
                  <td>
                    2
                  </td>
                </tr>
                <tr>
                  <td>
                    1
                  </td>
                </tr>
              </tbody>
            </table>
            <table
              className="Lost"
            >
              <thead>
                <tr>
                  <th>
                    Lost
                  </th>
                </tr>
              </thead>
              <tbody>
                <tr>
                  <td>
                    0
                  </td>
                </tr>
                <tr>
                  <td>
                    2
                  </td>
                </tr>
                <tr>
                  <td>
                    2
                  </td>
                </tr>
                <tr>
                  <td>
                    3
                  </td>
                </tr>
                <tr>
                  <td>
                    3
                  </td>
                </tr>
                <tr>
                  <td>
                    3
                  </td>
                </tr>
                <tr>
                  <td>
                    4
                  </td>
                </tr>
                <tr>
                  <td>
                    2
                  </td>
                </tr>
                <tr>
                  <td>
                    4
                  </td>
                </tr>
                <tr>
                  <td>
                    5
                  </td>
                </tr>
                <tr>
                  <td>
                    5
                  </td>
                </tr>
                <tr>
                  <td>
                    5
                  </td>
                </tr>
                <tr>
                  <td>
                    5
                  </td>
                </tr>
                <tr>
                  <td>
                    4
                  </td>
                </tr>
                <tr>
                  <td>
                    6
                  </td>
                </tr>
                <tr>
                  <td>
                    5
                  </td>
                </tr>
                <tr>
                  <td>
                    7
                  </td>
                </tr>
                <tr>
                  <td>
                    6
                  </td>
                </tr>
                <tr>
                  <td>
                    8
                  </td>
                </tr>
                <tr>
                  <td>
                    9
                  </td>
                </tr>
              </tbody>
            </table>
            <table
              className="GoalsFor"
            >
              <thead>
                <tr>
                  <th>
                    GF
                  </th>
                </tr>
              </thead>
              <tbody>
                <tr>
                  <td>
                    28
                  </td>
                </tr>
                <tr>
                  <td>
                    29
                  </td>
                </tr>
                <tr>
                  <td>
                    27
                  </td>
                </tr>
                <tr>
                  <td>
                    35
                  </td>
                </tr>
                <tr>
                  <td>
                    13
                  </td>
                </tr>
                <tr>
                  <td>
                    16
                  </td>
                </tr>
                <tr>
                  <td>
                    16
                  </td>
                </tr>
                <tr>
                  <td>
                    16
                  </td>
                </tr>
                <tr>
                  <td>
                    15
                  </td>
                </tr>
                <tr>
                  <td>
                    17
                  </td>
                </tr>
                <tr>
                  <td>
                    15
                  </td>
                </tr>
                <tr>
                  <td>
                    10
                  </td>
                </tr>
                <tr>
                  <td>
                    11
                  </td>
                </tr>
                <tr>
                  <td>
                    18
                  </td>
                </tr>
                <tr>
                  <td>
                    13
                  </td>
                </tr>
                <tr>
                  <td>
                    14
                  </td>
                </tr>
                <tr>
                  <td>
                    17
                  </td>
                </tr>
                <tr>
                  <td>
                    8
                  </td>
                </tr>
                <tr>
                  <td>
                    11
                  </td>
                </tr>
                <tr>
                  <td>
                    11
                  </td>
                </tr>
              </tbody>
            </table>
            <table
              className="GoalsAgainst"
            >
              <thead>
                <tr>
                  <th>
                    GA
                  </th>
                </tr>
              </thead>
              <tbody>
                <tr>
                  <td>
                    10
                  </td>
                </tr>
                <tr>
                  <td>
                    8
                  </td>
                </tr>
                <tr>
                  <td>
                    17
                  </td>
                </tr>
                <tr>
                  <td>
                    13
                  </td>
                </tr>
                <tr>
                  <td>
                    9
                  </td>
                </tr>
                <tr>
                  <td>
                    17
                  </td>
                </tr>
                <tr>
                  <td>
                    12
                  </td>
                </tr>
                <tr>
                  <td>
                    15
                  </td>
                </tr>
                <tr>
                  <td>
                    15
                  </td>
                </tr>
                <tr>
                  <td>
                    18
                  </td>
                </tr>
                <tr>
                  <td>
                    17
                  </td>
                </tr>
                <tr>
                  <td>
                    16
                  </td>
                </tr>
                <tr>
                  <td>
                    18
                  </td>
                </tr>
                <tr>
                  <td>
                    17
                  </td>
                </tr>
                <tr>
                  <td>
                    18
                  </td>
                </tr>
                <tr>
                  <td>
                    20
                  </td>
                </tr>
                <tr>
                  <td>
                    20
                  </td>
                </tr>
                <tr>
                  <td>
                    23
                  </td>
                </tr>
                <tr>
                  <td>
                    29
                  </td>
                </tr>
                <tr>
                  <td>
                    28
                  </td>
                </tr>
              </tbody>
            </table>
            <table
              className="GoalDiff"
            >
              <thead>
                <tr>
                  <th>
                    GD
                  </th>
                </tr>
              </thead>
              <tbody>
                <tr>
                  <td>
                    18
                  </td>
                </tr>
                <tr>
                  <td>
                    21
                  </td>
                </tr>
                <tr>
                  <td>
                    10
                  </td>
                </tr>
                <tr>
                  <td>
                    22
                  </td>
                </tr>
                <tr>
                  <td>
                    4
                  </td>
                </tr>
                <tr>
                  <td>
                    -1
                  </td>
                </tr>
                <tr>
                  <td>
                    4
                  </td>
                </tr>
                <tr>
                  <td>
                    1
                  </td>
                </tr>
                <tr>
                  <td>
                    0
                  </td>
                </tr>
                <tr>
                  <td>
                    -1
                  </td>
                </tr>
                <tr>
                  <td>
                    -2
                  </td>
                </tr>
                <tr>
                  <td>
                    -6
                  </td>
                </tr>
                <tr>
                  <td>
                    -7
                  </td>
                </tr>
                <tr>
                  <td>
                    1
                  </td>
                </tr>
                <tr>
                  <td>
                    -5
                  </td>
                </tr>
                <tr>
                  <td>
                    -6
                  </td>
                </tr>
                <tr>
                  <td>
                    -3
                  </td>
                </tr>
                <tr>
                  <td>
                    -15
                  </td>
                </tr>
                <tr>
                  <td>
                    -18
                  </td>
                </tr>
                <tr>
                  <td>
                    -17
                  </td>
                </tr>
              </tbody>
            </table>
            <table
              className="Points"
            >
              <thead>
                <tr>
                  <th>
                    Points
                  </th>
                </tr>
              </thead>
              <tbody>
                <tr>
                  <td>
                    34
                  </td>
                </tr>
                <tr>
                  <td>
                    26
                  </td>
                </tr>
                <tr>
                  <td>
                    26
                  </td>
                </tr>
                <tr>
                  <td>
                    25
                  </td>
                </tr>
                <tr>
                  <td>
                    17
                  </td>
                </tr>
                <tr>
                  <td>
                    17
                  </td>
                </tr>
                <tr>
                  <td>
                    16
                  </td>
                </tr>
                <tr>
                  <td>
                    16
                  </td>
                </tr>
                <tr>
                  <td>
                    16
                  </td>
                </tr>
                <tr>
                  <td>
                    15
                  </td>
                </tr>
                <tr>
                  <td>
                    15
                  </td>
                </tr>
                <tr>
                  <td>
                    15
                  </td>
                </tr>
                <tr>
                  <td>
                    15
                  </td>
                </tr>
                <tr>
                  <td>
                    14
                  </td>
                </tr>
                <tr>
                  <td>
                    14
                  </td>
                </tr>
                <tr>
                  <td>
                    13
                  </td>
                </tr>
                <tr>
                  <td>
                    11
                  </td>
                </tr>
                <tr>
                  <td>
                    8
                  </td>
                </tr>
                <tr>
                  <td>
                    8
                  </td>
                </tr>
                <tr>
                  <td>
                    7
                  </td>
                </tr>
              </tbody>
            </table>
          </div>
        </div>
      </div>
      <div
        aria-labelledby="react-tabs-2"
        className="TeamFixtures"
        id="react-tabs-3"
        role="tabpanel"
      />
      <div
        aria-labelledby="react-tabs-4"
        className="TeamStats"
        id="react-tabs-5"
        role="tabpanel"
      />
    </div>
  </div>
</div>
`;
